Command: /home/amelia/.espressif/python_env/idf5.1_py3.12_env/bin/python /home/amelia/esp-idf/tools/idf_monitor.py -p /dev/ttyACM0 -b 115200 --toolchain-prefix xtensa-esp32s3-elf- --target esp32s3 --revision 0 /home/amelia/stepper_controller/build/stepper_controller.elf /home/amelia/stepper_controller/build/bootloader/bootloader.elf -m '/home/amelia/.espressif/python_env/idf5.1_py3.12_env/bin/python' '/home/amelia/esp-idf/tools/idf.py' '-p' '/dev/ttyACM0'
ESP-ROM:esp32s3-20210327
Build:Mar 27 2021
rst:0x1 (POWERON),boot:0x8 (SPI_FAST_FLASH_BOOT)
SPIWP:0xee
mode:DIO, clock div:1
load:0x3fce2820,len:0x1588
load:0x403c8700,len:0xda0
load:0x403cb700,len:0x2fa0
entry 0x403c8908
[0;32mI (24) boot: ESP-IDF v6.0-dev-2980-gab149384e1 2nd stage bootloader[0m
[0;32mI (25) boot: compile time Oct 24 2025 16:41:28[0m
[0;32mI (25) boot: Multicore bootloader[0m
[0;32mI (27) boot: chip revision: v0.2[0m
[0;32mI (29) boot: efuse block revision: v1.3[0m
[0;32mI (33) boot.esp32s3: Boot SPI Speed : 80MHz[0m
[0;32mI (37) boot.esp32s3: SPI Mode       : DIO[0m
[0;32mI (40) boot.esp32s3: SPI Flash Size : 2MB[0m
[0;32mI (44) boot: Enabling RNG early entropy source...[0m
[0;32mI (49) boot: Partition Table:[0m
[0;32mI (51) boot: ## Label            Usage          Type ST Offset   Length[0m
[0;32mI (58) boot:  0 nvs              WiFi data        01 02 00009000 00006000[0m
[0;32mI (64) boot:  1 phy_init         RF data          01 01 0000f000 00001000[0m
[0;32mI (71) boot:  2 factory          factory app      00 00 00010000 00100000[0m
[0;32mI (77) boot: End of partition table[0m
[0;32mI (81) esp_image: segment 0: paddr=00010020 vaddr=3c030020 size=0bc2ch ( 48172) map[0m
[0;32mI (97) esp_image: segment 1: paddr=0001bc54 vaddr=3fc90f00 size=02d6ch ( 11628) load[0m
[0;32mI (99) esp_image: segment 2: paddr=0001e9c8 vaddr=40374000 size=01650h (  5712) load[0m
[0;32mI (104) esp_image: segment 3: paddr=00020020 vaddr=42000020 size=21c2ch (138284) map[0m
[0;32mI (135) esp_image: segment 4: paddr=00041c54 vaddr=40375650 size=0b7c0h ( 47040) load[0m
[0;32mI (146) esp_image: segment 5: paddr=0004d41c vaddr=50000000 size=00020h (    32) load[0m
[0;32mI (152) boot: Loaded app from partition at offset 0x10000[0m
[0;32mI (152) boot: Disabling RNG early entropy source...[0m
[0;32mI (164) cpu_start: Multicore app[0m
[0;32mI (172) cpu_start: GPIO 44 and 43 are used as console UART I/O pins[0m
[0;32mI (173) cpu_start: Pro cpu start user code[0m
[0;32mI (173) cpu_start: cpu freq: 160000000 Hz[0m
[0;32mI (174) app_init: Application information:[0m
[0;32mI (178) app_init: Project name:     stepper_controller[0m
[0;32mI (183) app_init: App version:      1[0m
[0;32mI (186) app_init: Compile time:     Oct 24 2025 16:41:28[0m
[0;32mI (191) app_init: ELF file SHA256:  18e291d89...[0m
[0;32mI (196) app_init: ESP-IDF:          v6.0-dev-2980-gab149384e1[0m
[0;32mI (201) efuse_init: Min chip rev:     v0.0[0m
[0;32mI (205) efuse_init: Max chip rev:     v0.99 [0m
[0;32mI (209) efuse_init: Chip rev:         v0.2[0m
[0;32mI (213) heap_init: Initializing. RAM available for dynamic allocation:[0m
[0;32mI (219) heap_init: At 3FC94960 len 00054DB0 (339 KiB): RAM[0m
[0;32mI (224) heap_init: At 3FCE9710 len 00005724 (21 KiB): RAM[0m
[0;32mI (229) heap_init: At 3FCF0000 len 00008000 (32 KiB): DRAM[0m
[0;32mI (235) heap_init: At 600FE000 len 00001FE8 (7 KiB): RTCRAM[0m
[0;32mI (241) spi_flash: detected chip: generic[0m
[0;32mI (244) spi_flash: flash io: dio[0m
[0;33mW (247) spi_flash: Detected size(16384k) larger than the size in the binary image header(2048k). Using the size in the binary image header.[0m
[0;32mI (259) sleep_gpio: Configure to isolate all GPIO pins in sleep state[0m
[0;32mI (265) sleep_gpio: Enable automatic switching of GPIO sleep configuration[0m
[0;32mI (272) main_task: Started on CPU0[0m
[0;32mI (292) main_task: Calling app_main()[0m
[0;32mI (292) STEPPER_CTRL: ESP32-S3 Multi-Stepper Motor Controller Starting...[0m
[0;32mI (292) STEPPER_CTRL: Motor X initialized[0m
[0;32mI (292) STEPPER_CTRL: Motoï¿½ï¿½I (312) STEPPER_CTRL: UART0 initialized (USB console) at 115200 baud - FOR TESTING ONLY[0m
[0;32mI (312) STEPPER_CTRL: System ready - waiting for commands...[0m
[0;32mI (5332) STEPPER_CTRL: Received: {"command":"move_x","amount":-100}[0m
[0;32mI (5332) STEPPER_CTRL: Processing command: move_x, amount: -100[0m
[0;32mI (5332) STEPPER_CTRL: Motor X: Moving -100 steps (pos: 0 -> -100)[0m
{"status":"ok"}
[0;32mI (5332) STEPPER_CTRL: Response sent: {"status":"ok"}[0m
[0;32mI (6362) STEPPER_CTRL: Received: {"command":"move_x","amount":-100}[0m
[0;32mI (6362) STEPPER_CTRL: Processing command: move_x, amount: -100[0m
[0;32mI (6362) STEPPER_CTRL: Motor X: Moving -100 steps (pos: -100 -> -200)[0m
{"status":"ok"}
[0;32mI (6372) STEPPER_CTRL: Response sent: {"status":"ok"}[0m
[0;32mI (8262) STEPPER_CTRL: Received: {"command":"move_x","amount":-100}[0m
[0;32mI (8262) STEPPER_CTRL: Processing command: move_x, amount: -100[0m
[0;32mI (8262) STEPPER_CTRL: Motor X: Moving -100 steps (pos: -200 -> -300)[0m
{"status":"ok"}
[0;32mI (8272) STEPPER_CTRL: Response sent: {"status":"ok"}[0m
